
> react-example@0.0.0 build
> vite build && esbuild server.ts --bundle --platform=node --format=cjs --packages=external --sourcemap --outfile=dist/server.cjs

vite v6.4.3 building for production...
transforming...
✓ 1721 modules transformed.
rendering chunks...
computing gzip size...
dist/index.html                     2.65 kB │ gzip:   1.00 kB
dist/assets/index-Cq9Tw_QG.css    101.44 kB │ gzip:  14.50 kB
dist/assets/index-B1ymilgd.js   1,323.99 kB │ gzip: 323.95 kB
✓ built in 17.43s

  dist/server.cjs       7.8kb
  dist/server.cjs.map  11.8kb

⚡ Done in 15ms
